---
source: src/block/body.rs
expression: entry_bytes
extension: bin
snapshot_kind: binary
---
