---
source: src/db.rs
expression: all_blocks
extension: bin
snapshot_kind: binary
---
